   2: got data: 0
   8: got data: 0
   9: got data: 0
  10: got data: 0
  11: got data: 0
  16: got data: 0
  17: got data: 0
  18: got data: 0
  19: got data: 0
  24: got data: 0
  25: got data: 0
  26: got data: 0
  27: got data: 0
  32: got data: 0
  33: got data: 0
  34: got data: 0
  35: got data: 0
  40: got data: 0
  41: got data: 0
  42: got data: 0
  43: got data: 0
  48: got data: 0
  49: got data: 0
  50: got data: 0
  51: got data: 0
