       OVL_ERROR : ASSERT_RANGE : VIOLATION : Test expression evaluates to a value outside the range specified by parameters min and max : severity 1 : time 20 : main.top.assertRan.ovl_error_t
       OVL_ERROR : ASSERT_RANGE : VIOLATION : Test expression evaluates to a value outside the range specified by parameters min and max : severity 1 : time 30 : main.top.assertRan.ovl_error_t
       OVL_ERROR : ASSERT_RANGE : VIOLATION : Test expression evaluates to a value outside the range specified by parameters min and max : severity 1 : time 40 : main.top.assertRan.ovl_error_t
       OVL_ERROR : ASSERT_RANGE : VIOLATION : Test expression evaluates to a value outside the range specified by parameters min and max : severity 1 : time 60 : main.top.assertRan.ovl_error_t
