checking package dependencies
compiling InputArg_OneReg.bsv
code generation for sysInputArg_OneReg starts
=== IOproperties:
Name                         I/O  size props
b                              I    16 reg
CLK                            I     1 clock
RST_N                          I     1 reset


-----

Verilog file created: sysInputArg_OneReg.v
All packages are up to date.
