checking package dependencies
compiling IsNegativeZero.bsv
code generation for sysIsNegativeZero starts
Compilation message: "IsNegativeZero.bsv", line 13, column 23: -0.0: -0.0
Compilation message: "IsNegativeZero.bsv", line 19, column 22: 0.0: 0.0
Verilog file created: sysIsNegativeZero.v
All packages are up to date.
