COND_RL_r_s_am1_1 {positions {MethodConds_TaskCond.bsv 13 12}} {rule RL_r} {instance s} {method am1}
COND_RL_r_s_am2_2 {positions {MethodConds_TaskCond.bsv 14 12}} {rule RL_r} {instance s} {method am2}
{COND_RL_r_FUNCTION_$display_3} {positions {Unknown {} {}}} {rule RL_r} {instance FUNCTION} {method {$display}}
