                  15:  fifo empty
                  24:  fifo empty
                  33:  fifo empty
                  42:  fifo empty
                  51:  fifo empty
                  60:  fifo empty
                  69:  fifo empty
                  78:  fifo empty
                  87:  fifo empty
                  96:  fifo empty
                 105:  fifo empty
                 114:  fifo empty
                 123:  fifo empty
                 132:  fifo empty
                 141:  fifo empty
                 150:  fifo empty
                 159:  fifo empty
                 168:  fifo empty
                 177:  fifo empty
                 186:  fifo empty
                 195:  fifo empty
                 204:  fifo empty
                 213:  fifo empty
                 222:  fifo empty
                 231:  fifo empty
                 240:  fifo empty
                 249:  fifo empty
                 258:  fifo empty
                 267:  fifo empty
                 276:  fifo empty
                 285:  fifo empty
                 294:  fifo empty
                 303:  fifo empty
                 312:  fifo empty
                 321:  fifo empty
                 330:  fifo empty
                 339:  fifo empty
                 348:  fifo empty
                 357:  fifo empty
                 366:  fifo empty
                 375:  fifo empty
                 384:  fifo empty
                 393:  fifo empty
                 402:  fifo empty
                 411:  fifo empty
                 420:  fifo empty
                 429:  fifo empty
                 438:  fifo empty
                 447:  fifo empty
                 456:  fifo empty
                 465:  fifo empty
                 474:  fifo empty
                 483:  fifo empty
                 492:  fifo empty
                 501:  fifo empty
                 510:  fifo empty
                 515:  fifo full
                 519:  fifo empty
                 528:  fifo empty
                 537:  fifo empty
                 546:  fifo empty
                 555:  fifo empty
                 564:  fifo empty
                 573:  fifo empty
                 582:  fifo empty
                 591:  fifo empty
                 600:  fifo empty
                 609:  fifo empty
                 615:  fifo full
                 618:  fifo empty
                 627:  fifo empty
                 636:  fifo empty
                 645:  fifo empty
                 654:  fifo empty
                 663:  fifo empty
                 672:  fifo empty
                 681:  fifo empty
                 690:  fifo empty
                 699:  fifo empty
                 708:  fifo empty
                 715:  fifo full
                 717:  fifo empty
                 726:  fifo empty
                 735:  fifo empty
                 744:  fifo empty
                 753:  fifo empty
                 762:  fifo empty
                 771:  fifo empty
                 780:  fifo empty
                 789:  fifo empty
                 798:  fifo empty
                 807:  fifo empty
                 816:  fifo empty
                 825:  fifo empty
                 834:  fifo empty
                 843:  fifo empty
                 852:  fifo empty
                 861:  fifo empty
                 870:  fifo empty
                 879:  fifo empty
                 888:  fifo empty
                 897:  fifo empty
                 906:  fifo empty
                 915:  fifo empty
                 924:  fifo empty
                 933:  fifo empty
                 942:  fifo empty
                 951:  fifo empty
                 960:  fifo empty
                 969:  fifo empty
                 978:  fifo empty
                 987:  fifo empty
                 996:  fifo empty
                1005:  fifo empty
                1014:  fifo empty
                1015:  enquing areg = 0 
                1023:  fifo empty
                1032:  fifo empty
                1041:  fifo empty
                1215:  enquing areg = 1 
                1315:  enquing areg = 2 
                1415:  enquing areg = 3 
                1515:  enquing areg = 4 
                1715:  enquing areg = 5 
                2115:  enquing areg = 6 
                2215:  enquing areg = 7 
                2315:  enquing areg = 8 
                2615:  enquing areg = 9 
                2715:  enquing areg = 10 
                2815:  enquing areg = 11 
                2915:  enquing areg = 12 
                3015:  enquing areg = 13 
                3215:  enquing areg = 14 
                3315:  enquing areg = 15 
                3515:  enquing areg = 16 
                3615:  enquing areg = 17 
                3715:  enquing areg = 18 
                3915:  enquing areg = 19 
                4215:  enquing areg = 20 
                4315:  enquing areg = 21 
                4415:  enquing areg = 22 
                4515:  enquing areg = 23 
                4615:  enquing areg = 24 
                4715:  enquing areg = 25 
                5315:  enquing areg = 26 
                5615:  enquing areg = 27 
                5815:  enquing areg = 28 
                6115:  enquing areg = 29 
                6215:  enquing areg = 30 
                6315:  enquing areg = 31 
                6715:  enquing areg = 32 
                6815:  enquing areg = 33 
                7115:  enquing areg = 34 
                7615 clearing
                7647:  fifo empty
                7656:  fifo empty
                7665:  fifo empty
                7674:  fifo empty
                7683:  fifo empty
                7692:  fifo empty
                7701:  fifo empty
                7710:  fifo empty
                7715:  fifo full
                7719:  fifo empty
                7728:  fifo empty
                7737:  fifo empty
                7746:  fifo empty
                7755:  fifo empty
                7764:  fifo empty
                7773:  fifo empty
                7782:  fifo empty
                7791:  fifo empty
                7800:  fifo empty
                7809:  fifo empty
                7815:  fifo full
                7818:  fifo empty
                7827:  fifo empty
                7836:  fifo empty
                7845:  fifo empty
                7854:  fifo empty
                7863:  fifo empty
                7872:  fifo empty
                7881:  fifo empty
                7890:  fifo empty
                7899:  fifo empty
                7908:  fifo empty
                7915:  fifo full
                7915 clearing
                7917:  fifo empty
                7926:  fifo empty
                7935:  fifo empty
                7944:  fifo empty
                7953:  fifo empty
                7962:  fifo empty
                7971:  fifo empty
                7980:  fifo empty
                7989:  fifo empty
                7998:  fifo empty
                8007:  fifo empty
                8015:  fifo full
                8016:  fifo empty
                8025:  fifo empty
                8034:  fifo empty
                8043:  fifo empty
                8052:  fifo empty
                8061:  fifo empty
                8070:  fifo empty
                8079:  fifo empty
                8088:  fifo empty
                8097:  fifo empty
                8106:  fifo empty
                8115:  fifo full
                8115:  fifo empty
                8124:  fifo empty
                8133:  fifo empty
                8142:  fifo empty
                8151:  fifo empty
                8160:  fifo empty
                8169:  fifo empty
                8178:  fifo empty
                8187:  fifo empty
                8196:  fifo empty
                8205:  fifo empty
                8214:  fifo empty
                8215:  fifo full
                8223:  fifo empty
                8232:  fifo empty
                8241:  fifo empty
                8250:  fifo empty
                8259:  fifo empty
                8268:  fifo empty
                8277:  fifo empty
                8286:  fifo empty
                8295:  fifo empty
                8304:  fifo empty
                8313:  fifo empty
                8322:  fifo empty
                8331:  fifo empty
                8340:  fifo empty
                8349:  fifo empty
                8358:  fifo empty
                8367:  fifo empty
                8376:  fifo empty
                8385:  fifo empty
                8394:  fifo empty
                8403:  fifo empty
                8412:  fifo empty
                8415:  enquing areg = 35 
                8421:  fifo empty
                8430:  fifo empty
                8439:  fifo empty
                8515:  enquing areg = 36 
                8715:  enquing areg = 37 
                8915:  enquing areg = 38 
                9115:  enquing areg = 39 
                9215:  enquing areg = 40 
                9315:  enquing areg = 41 
                9415:  enquing areg = 42 
                9615:  enquing areg = 43 
                9715:  enquing areg = 44 
                9815:  enquing areg = 45 
                9915:  enquing areg = 46 
               10015:  enquing areg = 47 
               10215:  enquing areg = 48 
               10315:  enquing areg = 49 
               10615:  enquing areg = 50 
               10815:  enquing areg = 51 
               11215:  enquing areg = 52 
               11615:  enquing areg = 53 
               11715:  enquing areg = 54 
               11915:  enquing areg = 55 
               12015:  enquing areg = 56 
               12315:  enquing areg = 57 
               12615:  enquing areg = 58 
               12815:  enquing areg = 59 
               12915:  enquing areg = 60 
               13015:  enquing areg = 61 
               13115:  enquing areg = 62 
               13215:  enquing areg = 63 
               13415:  enquing areg = 64 
               13515:  enquing areg = 65 
               13615:  enquing areg = 66 
               13715:  enquing areg = 67 
               14115:  enquing areg = 68 
               14315:  enquing areg = 69 
               14615:  enquing areg = 70 
               14715:  enquing areg = 71 
               14815:  enquing areg = 72 
               15015:  enquing areg = 73 
               15115:  enquing areg = 74 
               15215:  enquing areg = 75 
               15615:  enquing areg = 76 
               15815:  enquing areg = 77 
               16015:  enquing areg = 78 
               16315:  enquing areg = 79 
               16415:  enquing areg = 80 
               16615:  enquing areg = 81 
               16815:  enquing areg = 82 
               17015:  enquing areg = 83 
               17415:  enquing areg = 84 
               17515:  enquing areg = 85 
               17815:  enquing areg = 86 
               18015:  enquing areg = 87 
               18115:  enquing areg = 88 
               18315:  enquing areg = 89 
               18615:  enquing areg = 90 
               18915:  enquing areg = 91 
               19015:  enquing areg = 92 
               19115:  enquing areg = 93 
               19415:  enquing areg = 94 
               19515:  enquing areg = 95 
               19615:  enquing areg = 96 
               19715:  enquing areg = 97 
               20115:  enquing areg = 98 
               20315:  enquing areg = 99 
               20415:  enquing areg = 100 
               20815:  enquing areg = 101 
               20915:  enquing areg = 102 
               21115:  enquing areg = 103 
               21315:  enquing areg = 104 
               21515:  enquing areg = 105 
               21915:  enquing areg = 106 
               22115:  enquing areg = 107 
               22215:  enquing areg = 108 
               22315:  enquing areg = 109 
               22515:  enquing areg = 110 
               22715:  enquing areg = 111 
               23115:  enquing areg = 112 
               23215:  enquing areg = 113 
               23315:  enquing areg = 114 
               23515:  enquing areg = 115 
               23715:  enquing areg = 116 
               23815:  enquing areg = 117 
               24015:  enquing areg = 118 
               24315:  enquing areg = 119 
               24615:  enquing areg = 120 
               24715:  enquing areg = 121 
               24815:  enquing areg = 122 
               24915:  enquing areg = 123 
               25615:  enquing areg = 124 
               25815:  enquing areg = 125 
               26015:  enquing areg = 126 
               26315:  enquing areg = 127 
               26415:  enquing areg = 128 
               26515:  enquing areg = 129 
               26915:  enquing areg = 130 
               27015:  enquing areg = 131 
               27115:  enquing areg = 132 
               27215:  enquing areg = 133 
               27715:  enquing areg = 134 
               28115:  enquing areg = 135 
               28215:  enquing areg = 136 
               28315:  enquing areg = 137 
               28515:  enquing areg = 138 
               28615:  enquing areg = 139 
               28715:  enquing areg = 140 
               29115:  enquing areg = 141 
               29215:  enquing areg = 142 
               29515:  enquing areg = 143 
               29615:  enquing areg = 144 
               29715:  enquing areg = 145 
               29815:  enquing areg = 146 
               29915:  enquing areg = 147 
               30015:  enquing areg = 148 
               30315:  enquing areg = 149 
               30415:  enquing areg = 150 
               30915:  enquing areg = 151 
               31315:  enquing areg = 152 
               31815:  enquing areg = 153 
               31915:  enquing areg = 154 
               32215:  enquing areg = 155 
               32315:  enquing areg = 156 
               32343:  destination fifo almost full
               32352:  dequing data: 35
               32361:  dequing data: 36
               32370:  dequing data: 37
               32379:  dequing data: 38
               32388:  dequing data: 39
               32397:  dequing data: 40
               32406:  dequing data: 41
               32415:  source fifo almost full
               32415:  dequing data: 42
               32424:  dequing data: 43
               32433:  dequing data: 44
               32442:  dequing data: 45
               32451:  dequing data: 46
               32460:  dequing data: 47
               32469:  dequing data: 48
               32478:  dequing data: 49
               32487:  dequing data: 50
               32496:  dequing data: 51
               32505:  dequing data: 52
               32514:  dequing data: 53
               32515:  enquing areg = 157 
               32523:  dequing data: 54
               32532:  dequing data: 55
               32541:  dequing data: 56
               32550:  dequing data: 57
               32559:  dequing data: 58
               32568:  dequing data: 59
               32577:  dequing data: 60
               32586:  dequing data: 61
               32595:  dequing data: 62
               32604:  dequing data: 63
               32613:  dequing data: 64
               32615:  enquing areg = 158 
               32622:  dequing data: 65
               32631:  dequing data: 66
               32640:  dequing data: 67
               32649:  dequing data: 68
               32658:  dequing data: 69
               32667:  dequing data: 70
               32676:  dequing data: 71
               32685:  dequing data: 72
               32694:  dequing data: 73
               32703:  dequing data: 74
               32712:  dequing data: 75
               32721:  dequing data: 76
               32730:  dequing data: 77
               32739:  dequing data: 78
               32748:  dequing data: 79
               32757:  dequing data: 80
               32766:  dequing data: 81
               32775:  dequing data: 82
               32784:  dequing data: 83
               32793:  dequing data: 84
               32802:  dequing data: 85
               32811:  dequing data: 86
               32815:  source fifo almost empty
               32815:  enquing areg = 159 
               32820:  dequing data: 87
               32829:  dequing data: 88
               32838:  dequing data: 89
               32847:  dequing data: 90
               32856:  dequing data: 91
               32865:  dequing data: 92
               32874:  dequing data: 93
               32883:  dequing data: 94
               32892:  dequing data: 95
               32901:  dequing data: 96
               32910:  dequing data: 97
               32919:  dequing data: 98
               32928:  dequing data: 99
               32937:  dequing data: 100
               32946:  dequing data: 101
               32955:  dequing data: 102
               32964:  dequing data: 103
               32973:  dequing data: 104
               32982:  dequing data: 105
               32991:  dequing data: 106
               33000:  dequing data: 107
               33009:  dequing data: 108
               33018:  dequing data: 109
               33027:  dequing data: 110
               33036:  dequing data: 111
               33045:  dequing data: 112
               33054:  dequing data: 113
               33063:  dequing data: 114
               33072:  dequing data: 115
               33081:  dequing data: 116
               33090:  dequing data: 117
               33099:  dequing data: 118
               33108:  dequing data: 119
               33117:  dequing data: 120
               33126:  dequing data: 121
               33135:  dequing data: 122
               33144:  dequing data: 123
               33153:  dequing data: 124
               33162:  dequing data: 125
               33171:  dequing data: 126
               33180:  dequing data: 127
               33189:  dequing data: 128
               33198:  dequing data: 129
               33207:  dequing data: 130
               33216:  dequing data: 131
               33225:  dequing data: 132
               33234:  dequing data: 133
               33243:  dequing data: 134
               33252:  dequing data: 135
               33261:  dequing data: 136
               33270:  dequing data: 137
               33279:  dequing data: 138
               33288:  dequing data: 139
               33297:  dequing data: 140
               33306:  dequing data: 141
               33315:  enquing areg = 160 
               33315:  dequing data: 142
               33324:  dequing data: 143
               33333:  dequing data: 144
               33342:  dequing data: 145
               33351:  dequing data: 146
               33360:  dequing data: 147
               33369:  dequing data: 148
               33378:  dequing data: 149
               33387:   destination clk fifo almost empty
               33387:  dequing data: 150
               33415:  enquing areg = 161 
               33715:  enquing areg = 162 
               33915:  enquing areg = 163 
               34015:  enquing areg = 164 
               34315:  enquing areg = 165 
               34615:  enquing areg = 166 
               35015:  enquing areg = 167 
               35115:  enquing areg = 168 
               35215:  enquing areg = 169 
               35315:  enquing areg = 170 
               35615:  enquing areg = 171 
               35715:  enquing areg = 172 
               35915:  enquing areg = 173 
               36015:  enquing areg = 174 
               36315:  enquing areg = 175 
               36415:  enquing areg = 176 
               36615:  enquing areg = 177 
               36815:  enquing areg = 178 
               36915:  enquing areg = 179 
               37015:  enquing areg = 180 
               37115:  enquing areg = 181 
               37215:  enquing areg = 182 
               37415:  enquing areg = 183 
               37515:  enquing areg = 184 
               37615:  enquing areg = 185 
               37715:  enquing areg = 186 
               38015:  enquing areg = 187 
               38115:  enquing areg = 188 
               38215:  enquing areg = 189 
               38415:  enquing areg = 190 
               38515:  enquing areg = 191 
               38615:  enquing areg = 192 
               38815:  enquing areg = 193 
               39015:  enquing areg = 194 
               39115:  enquing areg = 195 
               39415:  enquing areg = 196 
               39515:  enquing areg = 197 
               39615:  enquing areg = 198 
               39715:  enquing areg = 199 
               39815:  enquing areg = 200 
               39915:  enquing areg = 201 
               40215:  enquing areg = 202 
               40315:  enquing areg = 203 
               40415:  enquing areg = 204 
               40615:  enquing areg = 205 
               40715:  enquing areg = 206 
               40915:  enquing areg = 207 
               41115:  enquing areg = 208 
               41215:  enquing areg = 209 
               41615:  enquing areg = 210 
               41715:  enquing areg = 211 
               41915:  enquing areg = 212 
               42215:  enquing areg = 213 
               42315:  enquing areg = 214 
               42515:  enquing areg = 215 
               42615:  enquing areg = 216 
               42715:  enquing areg = 217 
               43115:  enquing areg = 218 
               43415:  enquing areg = 219 
               43515:  enquing areg = 220 
               44015:  enquing areg = 221 
               44115:  enquing areg = 222 
               44315:  enquing areg = 223 
               44415:  enquing areg = 224 
               44615:  enquing areg = 225 
               45015:  enquing areg = 226 
               45215:  enquing areg = 227 
               45315:  enquing areg = 228 
               45415:  enquing areg = 229 
               45515:  enquing areg = 230 
               45615:  enquing areg = 231 
               45815:  enquing areg = 232 
               45915:  enquing areg = 233 
               46015:  enquing areg = 234 
               46115:  enquing areg = 235 
               46215:  enquing areg = 236 
               46315:  enquing areg = 237 
               46415:  enquing areg = 238 
               46515:  enquing areg = 239 
               46715:  enquing areg = 240 
               46815:  enquing areg = 241 
               46915:  enquing areg = 242 
               47115:  enquing areg = 243 
               47215:  enquing areg = 244 
               47815:  enquing areg = 245 
               47915:  enquing areg = 246 
               48115:  enquing areg = 247 
               48215:  enquing areg = 248 
               48315:  enquing areg = 249 
               48515:  enquing areg = 250 
               48715:  enquing areg = 251 
               48815:  enquing areg = 252 
               48915:  enquing areg = 253 
               49015:  enquing areg = 254 
               49215:  enquing areg = 255 
               49415:  enquing areg = 256 
               49515:  enquing areg = 257 
               49615:  enquing areg = 258 
               49815:  enquing areg = 259 
               49915:  enquing areg = 260 
               50215:  enquing areg = 261 
               50415:  enquing areg = 262 
               50815:  enquing areg = 263 
               50915:  enquing areg = 264 
               51115:  enquing areg = 265 
               51415:  enquing areg = 266 
               51515:  enquing areg = 267 
               51915:  enquing areg = 268 
               52115:  enquing areg = 269 
               52215:  enquing areg = 270 
               52315:  enquing areg = 271 
               52515:  enquing areg = 272 
               52548:  destination fifo almost full
               52557:  dequing data: 151
               52566:  dequing data: 152
               52575:  dequing data: 153
               52584:  dequing data: 154
               52593:  dequing data: 155
               52602:  dequing data: 156
               52611:  dequing data: 157
               52615:  source fifo almost full
               52620:  dequing data: 158
               52629:  dequing data: 159
               52638:  dequing data: 160
               52647:  dequing data: 161
               52656:  dequing data: 162
               52665:  dequing data: 163
               52674:  dequing data: 164
               52683:  dequing data: 165
               52692:  dequing data: 166
               52701:  dequing data: 167
               52710:  dequing data: 168
               52715:  enquing areg = 273 
               52719:  dequing data: 169
               52728:  dequing data: 170
               52737:  dequing data: 171
               52746:  dequing data: 172
               52755:  dequing data: 173
               52764:  dequing data: 174
               52773:  dequing data: 175
               52782:  dequing data: 176
               52791:  dequing data: 177
               52800:  dequing data: 178
               52809:  dequing data: 179
               52818:  dequing data: 180
               52827:  dequing data: 181
               52836:  dequing data: 182
               52845:  dequing data: 183
               52854:  dequing data: 184
               52863:  dequing data: 185
               52872:  dequing data: 186
               52881:  dequing data: 187
               52890:  dequing data: 188
               52899:  dequing data: 189
               52908:  dequing data: 190
               52915:  enquing areg = 274 
               52917:  dequing data: 191
               52926:  dequing data: 192
               52935:  dequing data: 193
               52944:  dequing data: 194
               52953:  dequing data: 195
               52962:  dequing data: 196
               52971:  dequing data: 197
               52980:  dequing data: 198
               52989:  dequing data: 199
               52998:  dequing data: 200
               53007:  dequing data: 201
               53015:  source fifo almost empty
               53015:  enquing areg = 275 
               53016:  dequing data: 202
               53025:  dequing data: 203
               53034:  dequing data: 204
               53043:  dequing data: 205
               53052:  dequing data: 206
               53061:  dequing data: 207
               53070:  dequing data: 208
               53079:  dequing data: 209
               53088:  dequing data: 210
               53097:  dequing data: 211
               53106:  dequing data: 212
               53115:  dequing data: 213
               53124:  dequing data: 214
               53133:  dequing data: 215
               53142:  dequing data: 216
               53151:  dequing data: 217
               53160:  dequing data: 218
               53169:  dequing data: 219
               53178:  dequing data: 220
               53187:  dequing data: 221
               53196:  dequing data: 222
               53205:  dequing data: 223
               53214:  dequing data: 224
               53215:  enquing areg = 276 
               53223:  dequing data: 225
               53232:  dequing data: 226
               53241:  dequing data: 227
               53250:  dequing data: 228
               53259:  dequing data: 229
               53268:  dequing data: 230
               53277:  dequing data: 231
               53286:  dequing data: 232
               53295:  dequing data: 233
               53304:  dequing data: 234
               53313:  dequing data: 235
               53315:  enquing areg = 277 
               53322:  dequing data: 236
               53331:  dequing data: 237
               53340:  dequing data: 238
               53349:  dequing data: 239
               53358:  dequing data: 240
               53367:  dequing data: 241
               53376:  dequing data: 242
               53385:  dequing data: 243
               53394:  dequing data: 244
               53403:  dequing data: 245
               53412:  dequing data: 246
               53421:  dequing data: 247
               53430:  dequing data: 248
               53439:  dequing data: 249
               53448:  dequing data: 250
               53457:  dequing data: 251
               53466:  dequing data: 252
               53475:  dequing data: 253
               53484:  dequing data: 254
               53493:  dequing data: 255
               53502:  dequing data: 256
               53511:  dequing data: 257
               53520:  dequing data: 258
               53529:  dequing data: 259
               53538:  dequing data: 260
               53547:  dequing data: 261
               53556:  dequing data: 262
               53565:  dequing data: 263
               53574:  dequing data: 264
               53583:  dequing data: 265
               53592:  dequing data: 266
               53601:   destination clk fifo almost empty
               53601:  dequing data: 267
               53615:  enquing areg = 278 
               53815:  enquing areg = 279 
               54015:  enquing areg = 280 
               54115:  enquing areg = 281 
               54215:  enquing areg = 282 
               54515:  enquing areg = 283 
               54915:  enquing areg = 284 
               55015:  enquing areg = 285 
               55115:  enquing areg = 286 
               55215:  enquing areg = 287 
               55815:  enquing areg = 288 
               56015:  enquing areg = 289 
               56215:  enquing areg = 290 
               56415:  enquing areg = 291 
               56515:  enquing areg = 292 
               56915:  enquing areg = 293 
               57015:  enquing areg = 294 
               57115:  enquing areg = 295 
               57415:  enquing areg = 296 
               57515:  enquing areg = 297 
               57615:  enquing areg = 298 
               57815:  enquing areg = 299 
               58015:  enquing areg = 300 
               58115:  enquing areg = 301 
               58215:  enquing areg = 302 
               58315:  enquing areg = 303 
               58615:  enquing areg = 304 
               58915:  enquing areg = 305 
               59015:  enquing areg = 306 
               59115:  enquing areg = 307 
               59215:  enquing areg = 308 
               59815:  enquing areg = 309 
               59915:  enquing areg = 310 
               60015:  enquing areg = 311 
               60215:  enquing areg = 312 
               60515:  enquing areg = 313 
               60615:  enquing areg = 314 
               60715:  enquing areg = 315 
               60815:  enquing areg = 316 
               61015:  enquing areg = 317 
               61415:  enquing areg = 318 
               61715:  enquing areg = 319 
               61815:  enquing areg = 320 
               62415:  enquing areg = 321 
               62715:  enquing areg = 322 
               63215:  enquing areg = 323 
               63315:  enquing areg = 324 
               63615:  enquing areg = 325 
               63715:  enquing areg = 326 
               64115:  enquing areg = 327 
               64215:  enquing areg = 328 
               64515:  enquing areg = 329 
               64615:  enquing areg = 330 
               64815:  enquing areg = 331 
               65215:  enquing areg = 332 
               65415:  enquing areg = 333 
               65515:  enquing areg = 334 
               65615:  enquing areg = 335 
               65815:  enquing areg = 336 
               66115:  enquing areg = 337 
               66215:  enquing areg = 338 
               66415:  enquing areg = 339 
               66515:  enquing areg = 340 
               66715:  enquing areg = 341 
               67015:  enquing areg = 342 
               67115:  enquing areg = 343 
               67215:  enquing areg = 344 
               67415:  enquing areg = 345 
               67715:  enquing areg = 346 
               67815:  enquing areg = 347 
               68015:  enquing areg = 348 
               68315:  enquing areg = 349 
               68715:  enquing areg = 350 
               68915:  enquing areg = 351 
               69115 clearing
               69144:  fifo empty
               69153:  fifo empty
               69162:  fifo empty
               69171:  fifo empty
               69180:  fifo empty
               69189:  fifo empty
               69198:  fifo empty
               69207:  fifo empty
               69215:  fifo full
               69216:  fifo empty
               69225:  fifo empty
               69234:  fifo empty
               69243:  fifo empty
               69252:  fifo empty
               69261:  fifo empty
               69270:  fifo empty
               69279:  fifo empty
               69288:  fifo empty
               69297:  fifo empty
               69306:  fifo empty
               69315:  fifo full
               69315:  fifo empty
               69324:  fifo empty
               69333:  fifo empty
               69342:  fifo empty
               69351:  fifo empty
               69360:  fifo empty
               69369:  fifo empty
               69378:  fifo empty
               69387:  fifo empty
               69396:  fifo empty
               69405:  fifo empty
               69414:  fifo empty
               69415:  fifo full
               69423:  fifo empty
               69432:  fifo empty
               69441:  fifo empty
               69450:  fifo empty
               69459:  fifo empty
               69468:  fifo empty
               69477:  fifo empty
               69486:  fifo empty
               69495:  fifo empty
               69504:  fifo empty
               69513:  fifo empty
               69522:  fifo empty
               69531:  fifo empty
               69540:  fifo empty
               69549:  fifo empty
               69558:  fifo empty
               69567:  fifo empty
               69576:  fifo empty
               69585:  fifo empty
               69594:  fifo empty
               69603:  fifo empty
               69612:  fifo empty
               69621:  fifo empty
               69630:  fifo empty
               69639:  fifo empty
               69648:  fifo empty
               69657:  fifo empty
               69666:  fifo empty
               69675:  fifo empty
               69684:  fifo empty
               69693:  fifo empty
               69702:  fifo empty
               69711:  fifo empty
               69715:  enquing areg = 352 
               69720:  fifo empty
               69729:  fifo empty
               69738:  fifo empty
               69915:  enquing areg = 353 
               70015:  enquing areg = 354 
               70115:  enquing areg = 355 
               70515:  enquing areg = 356 
               70715:  enquing areg = 357 
               70915:  enquing areg = 358 
               71015:  enquing areg = 359 
               71115:  enquing areg = 360 
               71215:  enquing areg = 361 
               71315:  enquing areg = 362 
               71415:  enquing areg = 363 
               71715:  enquing areg = 364 
               71815:  enquing areg = 365 
               72215:  enquing areg = 366 
               72415:  enquing areg = 367 
               72715:  enquing areg = 368 
               72815:  enquing areg = 369 
               72915:  enquing areg = 370 
               73015:  enquing areg = 371 
               73215:  enquing areg = 372 
               73315:  enquing areg = 373 
               73415:  enquing areg = 374 
               73515:  enquing areg = 375 
               73715:  enquing areg = 376 
               73815:  enquing areg = 377 
               74115:  enquing areg = 378 
               74215:  enquing areg = 379 
               74315:  enquing areg = 380 
               74415:  enquing areg = 381 
               74515:  enquing areg = 382 
               74715:  enquing areg = 383 
               74815:  enquing areg = 384 
               74915:  enquing areg = 385 
               75115:  enquing areg = 386 
               75315:  enquing areg = 387 
               75415:  enquing areg = 388 
               75515:  enquing areg = 389 
               75615:  enquing areg = 390 
               75715:  enquing areg = 391 
               76015:  enquing areg = 392 
               76415:  enquing areg = 393 
               76615:  enquing areg = 394 
               76815:  enquing areg = 395 
               76915:  enquing areg = 396 
               77415:  enquing areg = 397 
               77715:  enquing areg = 398 
               78415:  enquing areg = 399 
               78515:  enquing areg = 400 
               78615:  enquing areg = 401 
               79115:  enquing areg = 402 
               79415:  enquing areg = 403 
               79715:  enquing areg = 404 
               80115:  enquing areg = 405 
               80315:  enquing areg = 406 
               80415:  enquing areg = 407 
               80515:  enquing areg = 408 
               80615:  enquing areg = 409 
               80715:  enquing areg = 410 
               80815:  enquing areg = 411 
               80915:  enquing areg = 412 
               81115:  enquing areg = 413 
               81315:  enquing areg = 414 
               81515:  enquing areg = 415 
               81915:  enquing areg = 416 
               82315:  enquing areg = 417 
               82615:  enquing areg = 418 
               82715:  enquing areg = 419 
               82915:  enquing areg = 420 
               83015:  enquing areg = 421 
               83115:  enquing areg = 422 
               83215:  enquing areg = 423 
               83415:  enquing areg = 424 
               83515:  enquing areg = 425 
               83715:  enquing areg = 426 
               83815:  enquing areg = 427 
               83915:  enquing areg = 428 
               84015:  enquing areg = 429 
               84315:  enquing areg = 430 
               84415:  enquing areg = 431 
               84515:  enquing areg = 432 
               84615:  enquing areg = 433 
               84715:  enquing areg = 434 
               84915:  enquing areg = 435 
               85015:  enquing areg = 436 
               85115:  enquing areg = 437 
               85215:  enquing areg = 438 
               85315:  enquing areg = 439 
               85615:  enquing areg = 440 
               85715:  enquing areg = 441 
               85915:  enquing areg = 442 
               86115:  enquing areg = 443 
               86215:  enquing areg = 444 
               86415:  enquing areg = 445 
               86615:  enquing areg = 446 
               86715:  enquing areg = 447 
               87015:  enquing areg = 448 
               87115:  enquing areg = 449 
               87215:  enquing areg = 450 
               87315:  enquing areg = 451 
               88015:  enquing areg = 452 
               88515:  enquing areg = 453 
               88615:  enquing areg = 454 
               88815:  enquing areg = 455 
               89315:  enquing areg = 456 
               89515:  enquing areg = 457 
               89715:  enquing areg = 458 
               89915:  enquing areg = 459 
               90215:  enquing areg = 460 
               90415:  enquing areg = 461 
               90515 clearing
               90546:  fifo empty
               90555:  fifo empty
               90564:  fifo empty
               90573:  fifo empty
               90582:  fifo empty
               90591:  fifo empty
               90600:  fifo empty
               90609:  fifo empty
               90615:  fifo full
               90618:  fifo empty
               90627:  fifo empty
               90636:  fifo empty
               90645:  fifo empty
               90654:  fifo empty
               90663:  fifo empty
               90672:  fifo empty
               90681:  fifo empty
               90690:  fifo empty
               90699:  fifo empty
               90708:  fifo empty
               90715:  fifo full
               90717:  fifo empty
               90726:  fifo empty
               90735:  fifo empty
               90744:  fifo empty
               90753:  fifo empty
               90762:  fifo empty
               90771:  fifo empty
               90780:  fifo empty
               90789:  fifo empty
               90798:  fifo empty
               90807:  fifo empty
               90815:  fifo full
               90816:  fifo empty
               90825:  fifo empty
               90834:  fifo empty
               90843:  fifo empty
               90852:  fifo empty
               90861:  fifo empty
               90870:  fifo empty
               90879:  fifo empty
               90888:  fifo empty
               90897:  fifo empty
               90906:  fifo empty
               90915:  enquing areg = 462 
               90915:  fifo empty
               90924:  fifo empty
               90933:  fifo empty
               90942:  fifo empty
               91015:  enquing areg = 463 
               91515:  enquing areg = 464 
               91615:  enquing areg = 465 
               91715:  enquing areg = 466 
               91815:  enquing areg = 467 
               92015:  enquing areg = 468 
               92115:  enquing areg = 469 
               93115:  enquing areg = 470 
               93215:  enquing areg = 471 
               93415:  enquing areg = 472 
               93515:  enquing areg = 473 
               93615:  enquing areg = 474 
               94015:  enquing areg = 475 
               94115:  enquing areg = 476 
               94215:  enquing areg = 477 
               94615:  enquing areg = 478 
               94915:  enquing areg = 479 
               95015:  enquing areg = 480 
               95115:  enquing areg = 481 
               95215:  enquing areg = 482 
               95415:  enquing areg = 483 
               95615:  enquing areg = 484 
               95715:  enquing areg = 485 
               95915:  enquing areg = 486 
               96015:  enquing areg = 487 
               96315:  enquing areg = 488 
               96415:  enquing areg = 489 
               96515:  enquing areg = 490 
               96615:  enquing areg = 491 
               96715:  enquing areg = 492 
               96915:  enquing areg = 493 
               97015:  enquing areg = 494 
               97415:  enquing areg = 495 
               97715:  enquing areg = 496 
               97915:  enquing areg = 497 
               98215:  enquing areg = 498 
               98315:  enquing areg = 499 
               98515:  enquing areg = 500 
               99315:  enquing areg = 501 
               99615:  enquing areg = 502 
               99815:  enquing areg = 503 
              100015:  enquing areg = 504 
              100115:  enquing areg = 505 
              100215:  enquing areg = 506 
              100315:  enquing areg = 507 
              100515:  enquing areg = 508 
              100915:  enquing areg = 509 
              101015:  enquing areg = 510 
              101115:  enquing areg = 511 
              101215:  enquing areg = 512 
              101815:  enquing areg = 513 
              101915:  enquing areg = 514 
              102015:  enquing areg = 515 
              102115:  enquing areg = 516 
              102315:  enquing areg = 517 
              102515:  enquing areg = 518 
              102615:  enquing areg = 519 
              102915:  enquing areg = 520 
              103015:  enquing areg = 521 
              103315:  enquing areg = 522 
              103515:  enquing areg = 523 
              103915:  enquing areg = 524 
              104015:  enquing areg = 525 
              104215:  enquing areg = 526 
              104315:  enquing areg = 527 
              104715:  enquing areg = 528 
              104815:  enquing areg = 529 
              105215:  enquing areg = 530 
              105315:  enquing areg = 531 
              105415:  enquing areg = 532 
              105515:  enquing areg = 533 
              105615:  enquing areg = 534 
              105715:  enquing areg = 535 
              106115:  enquing areg = 536 
              106215:  enquing areg = 537 
              106415:  enquing areg = 538 
              106515:  enquing areg = 539 
              106715:  enquing areg = 540 
              106915:  enquing areg = 541 
              107015:  enquing areg = 542 
              107415:  enquing areg = 543 
              107515:  enquing areg = 544 
              107615:  enquing areg = 545 
              107715:  enquing areg = 546 
              107815:  enquing areg = 547 
              107915:  enquing areg = 548 
              108415:  enquing areg = 549 
              108515:  enquing areg = 550 
              108815:  enquing areg = 551 
              108915:  enquing areg = 552 
              109015:  enquing areg = 553 
              109115:  enquing areg = 554 
              109215:  enquing areg = 555 
              109515:  enquing areg = 556 
              109615:  enquing areg = 557 
              109915:  enquing areg = 558 
              110115:  enquing areg = 559 
              110215:  enquing areg = 560 
              110315:  enquing areg = 561 
              110515:  enquing areg = 562 
              110615:  enquing areg = 563 
              110715:  enquing areg = 564 
              111515:  enquing areg = 565 
              111915:  enquing areg = 566 
              112015:  enquing areg = 567 
              112215:  enquing areg = 568 
              112715:  enquing areg = 569 
              112915:  enquing areg = 570 
              113015:  enquing areg = 571 
              113215:  enquing areg = 572 
              113315:  enquing areg = 573 
              113715:  enquing areg = 574 
              113915 clearing
              113946:  fifo empty
              113955:  fifo empty
              113964:  fifo empty
              113973:  fifo empty
              113982:  fifo empty
              113991:  fifo empty
              114000:  fifo empty
              114009:  fifo empty
              114015:  fifo full
              114018:  fifo empty
              114027:  fifo empty
              114036:  fifo empty
              114045:  fifo empty
              114054:  fifo empty
              114063:  fifo empty
              114072:  fifo empty
              114081:  fifo empty
              114090:  fifo empty
              114099:  fifo empty
              114108:  fifo empty
              114115:  fifo full
              114117:  fifo empty
              114126:  fifo empty
              114135:  fifo empty
              114144:  fifo empty
              114153:  fifo empty
              114162:  fifo empty
              114171:  fifo empty
              114180:  fifo empty
              114189:  fifo empty
              114198:  fifo empty
              114207:  fifo empty
              114215:  fifo full
              114216:  fifo empty
              114225:  fifo empty
              114234:  fifo empty
              114243:  fifo empty
              114252:  fifo empty
              114261:  fifo empty
              114270:  fifo empty
              114279:  fifo empty
              114288:  fifo empty
              114297:  fifo empty
              114306:  fifo empty
              114315:  enquing areg = 575 
              114315:  fifo empty
              114324:  fifo empty
              114333:  fifo empty
              114342:  fifo empty
              114415:  enquing areg = 576 
              114515:  enquing areg = 577 
              114615:  enquing areg = 578 
              114715:  enquing areg = 579 
              115615:  enquing areg = 580 
              116015:  enquing areg = 581 
              116515:  enquing areg = 582 
              116715:  enquing areg = 583 
              116815:  enquing areg = 584 
              116915:  enquing areg = 585 
              117015:  enquing areg = 586 
              117415:  enquing areg = 587 
              117515:  enquing areg = 588 
              117815:  enquing areg = 589 
              117915:  enquing areg = 590 
              118115:  enquing areg = 591 
              118215:  enquing areg = 592 
              118315:  enquing areg = 593 
              118515:  enquing areg = 594 
              118615:  enquing areg = 595 
              118815:  enquing areg = 596 
              118915:  enquing areg = 597 
              119015:  enquing areg = 598 
              119715:  enquing areg = 599 
              119815:  enquing areg = 600 
              120315:  enquing areg = 601 
              120415:  enquing areg = 602 
              120615:  enquing areg = 603 
              120715:  enquing areg = 604 
              120915:  enquing areg = 605 
              121015:  enquing areg = 606 
              121215:  enquing areg = 607 
              121415:  enquing areg = 608 
              121615:  enquing areg = 609 
              121815:  enquing areg = 610 
              121915:  enquing areg = 611 
              122115:  enquing areg = 612 
              122315:  enquing areg = 613 
              122615:  enquing areg = 614 
              122815:  enquing areg = 615 
              122915:  enquing areg = 616 
              123115:  enquing areg = 617 
              123415:  enquing areg = 618 
              123515:  enquing areg = 619 
              123715:  enquing areg = 620 
              123815:  enquing areg = 621 
              123915:  enquing areg = 622 
              124015:  enquing areg = 623 
              124715:  enquing areg = 624 
              124915:  enquing areg = 625 
              125315:  enquing areg = 626 
              125815:  enquing areg = 627 
              126015:  enquing areg = 628 
              126115:  enquing areg = 629 
              126215:  enquing areg = 630 
              126515:  enquing areg = 631 
              126615:  enquing areg = 632 
              127015:  enquing areg = 633 
              127115:  enquing areg = 634 
              127215:  enquing areg = 635 
              127415:  enquing areg = 636 
              127615:  enquing areg = 637 
              127715:  enquing areg = 638 
              127915:  enquing areg = 639 
              128015:  enquing areg = 640 
              128115:  enquing areg = 641 
              128515:  enquing areg = 642 
              129215:  enquing areg = 643 
              129315:  enquing areg = 644 
              129415:  enquing areg = 645 
              129515:  enquing areg = 646 
              129615:  enquing areg = 647 
              129815:  enquing areg = 648 
              130115:  enquing areg = 649 
              130415:  enquing areg = 650 
              130715:  enquing areg = 651 
              130815:  enquing areg = 652 
              130915:  enquing areg = 653 
              131015:  enquing areg = 654 
              131115:  enquing areg = 655 
              131315:  enquing areg = 656 
              131415:  enquing areg = 657 
              131615:  enquing areg = 658 
              132015:  enquing areg = 659 
              132115:  enquing areg = 660 
              132215:  enquing areg = 661 
              132315:  enquing areg = 662 
              132415:  enquing areg = 663 
              132715 clearing
              132747:  fifo empty
              132756:  fifo empty
              132765:  fifo empty
              132774:  fifo empty
              132783:  fifo empty
              132792:  fifo empty
              132801:  fifo empty
              132810:  fifo empty
              132815:  fifo full
              132819:  fifo empty
              132828:  fifo empty
              132837:  fifo empty
              132846:  fifo empty
              132855:  fifo empty
              132864:  fifo empty
              132873:  fifo empty
              132882:  fifo empty
              132891:  fifo empty
              132900:  fifo empty
              132909:  fifo empty
              132915:  fifo full
              132918:  fifo empty
              132927:  fifo empty
              132936:  fifo empty
              132945:  fifo empty
              132954:  fifo empty
              132963:  fifo empty
              132972:  fifo empty
              132981:  fifo empty
              132990:  fifo empty
              132999:  fifo empty
              133008:  fifo empty
              133015:  fifo full
              133017:  fifo empty
              133026:  fifo empty
              133035:  fifo empty
              133044:  fifo empty
              133053:  fifo empty
              133062:  fifo empty
              133071:  fifo empty
              133080:  fifo empty
              133089:  fifo empty
              133098:  fifo empty
              133107:  fifo empty
              133115:  enquing areg = 664 
              133116:  fifo empty
              133125:  fifo empty
              133134:  fifo empty
              133215:  enquing areg = 665 
              133315:  enquing areg = 666 
              133715:  enquing areg = 667 
              133815:  enquing areg = 668 
              134015:  enquing areg = 669 
              134215:  enquing areg = 670 
              134315:  enquing areg = 671 
              134415:  enquing areg = 672 
              134515:  enquing areg = 673 
              134615:  enquing areg = 674 
              134915:  enquing areg = 675 
              135015:  enquing areg = 676 
              135515:  enquing areg = 677 
              135615:  enquing areg = 678 
              135715:  enquing areg = 679 
              135815:  enquing areg = 680 
              135915:  enquing areg = 681 
              136215:  enquing areg = 682 
              136315:  enquing areg = 683 
              136515:  enquing areg = 684 
              137015:  enquing areg = 685 
              137115:  enquing areg = 686 
              137315:  enquing areg = 687 
              137515:  enquing areg = 688 
              137715:  enquing areg = 689 
              137815:  enquing areg = 690 
              138015:  enquing areg = 691 
              138515:  enquing areg = 692 
              138615:  enquing areg = 693 
              139015:  enquing areg = 694 
              139215:  enquing areg = 695 
              139615:  enquing areg = 696 
              139715:  enquing areg = 697 
              139815:  enquing areg = 698 
              140115:  enquing areg = 699 
              140415:  enquing areg = 700 
              140615:  enquing areg = 701 
              140715:  enquing areg = 702 
              140915:  enquing areg = 703 
              141015:  enquing areg = 704 
              141515:  enquing areg = 705 
              141815:  enquing areg = 706 
              142015:  enquing areg = 707 
              142115:  enquing areg = 708 
              142415:  enquing areg = 709 
              142615:  enquing areg = 710 
              142715:  enquing areg = 711 
              142815:  enquing areg = 712 
              142915:  enquing areg = 713 
              143315:  enquing areg = 714 
              143515:  enquing areg = 715 
              144215:  enquing areg = 716 
              144315:  enquing areg = 717 
              144515:  enquing areg = 718 
              144615:  enquing areg = 719 
              144815:  enquing areg = 720 
              145115:  enquing areg = 721 
              145415:  enquing areg = 722 
              145715:  enquing areg = 723 
              145815:  enquing areg = 724 
              145915:  enquing areg = 725 
              146115:  enquing areg = 726 
              146215:  enquing areg = 727 
              146515:  enquing areg = 728 
              146615:  enquing areg = 729 
              146715:  enquing areg = 730 
              147015:  enquing areg = 731 
              147115:  enquing areg = 732 
              147315:  enquing areg = 733 
              147515:  enquing areg = 734 
              147815:  enquing areg = 735 
              148215:  enquing areg = 736 
              148415:  enquing areg = 737 
              148515:  enquing areg = 738 
              148815:  enquing areg = 739 
              149315:  enquing areg = 740 
              149415:  enquing areg = 741 
              149515:  enquing areg = 742 
              149815:  enquing areg = 743 
              149915:  enquing areg = 744 
              150015:  enquing areg = 745 
              150115:  enquing areg = 746 
              150315:  enquing areg = 747 
              150415:  enquing areg = 748 
              150615:  enquing areg = 749 
              150715:  enquing areg = 750 
              151215:  enquing areg = 751 
              151615:  enquing areg = 752 
              151815:  enquing areg = 753 
              152215:  enquing areg = 754 
              152415:  enquing areg = 755 
              152515:  enquing areg = 756 
              152615:  enquing areg = 757 
              152715:  enquing areg = 758 
              152815:  enquing areg = 759 
              152915:  enquing areg = 760 
              153015:  enquing areg = 761 
              153115:  enquing areg = 762 
              153315:  enquing areg = 763 
              153415:  enquing areg = 764 
              153615:  enquing areg = 765 
              153715:  enquing areg = 766 
              153815:  enquing areg = 767 
              153915:  enquing areg = 768 
              154015:  enquing areg = 769 
              154315:  enquing areg = 770 
              154515:  enquing areg = 771 
              154915:  enquing areg = 772 
              155115:  enquing areg = 773 
              155415:  enquing areg = 774 
              155515:  enquing areg = 775 
              155615:  enquing areg = 776 
              155915:  enquing areg = 777 
              156015:  enquing areg = 778 
              156115:  enquing areg = 779 
              156615:  enquing areg = 780 
              156715:  enquing areg = 781 
              156815:  enquing areg = 782 
              157015:  enquing areg = 783 
              157115:  enquing areg = 784 
              157215:  enquing areg = 785 
              157245:  destination fifo almost full
              157254:  dequing data: 664
              157263:  dequing data: 665
              157272:  dequing data: 666
              157281:  dequing data: 667
              157290:  dequing data: 668
              157299:  dequing data: 669
              157308:  dequing data: 670
              157315:  source fifo almost full
              157315:  enquing areg = 786 
              157317:  dequing data: 671
              157326:  dequing data: 672
              157335:  dequing data: 673
              157344:  dequing data: 674
              157353:  dequing data: 675
              157362:  dequing data: 676
              157371:  dequing data: 677
              157380:  dequing data: 678
              157389:  dequing data: 679
              157398:  dequing data: 680
              157407:  dequing data: 681
              157416:  dequing data: 682
              157425:  dequing data: 683
              157434:  dequing data: 684
              157443:  dequing data: 685
              157452:  dequing data: 686
              157461:  dequing data: 687
              157470:  dequing data: 688
              157479:  dequing data: 689
              157488:  dequing data: 690
              157497:  dequing data: 691
              157506:  dequing data: 692
              157515:  dequing data: 693
              157524:  dequing data: 694
              157533:  dequing data: 695
              157542:  dequing data: 696
              157551:  dequing data: 697
              157560:  dequing data: 698
              157569:  dequing data: 699
              157578:  dequing data: 700
              157587:  dequing data: 701
              157596:  dequing data: 702
              157605:  dequing data: 703
              157614:  dequing data: 704
              157615:  enquing areg = 787 
              157623:  dequing data: 705
              157632:  dequing data: 706
              157641:  dequing data: 707
              157650:  dequing data: 708
              157659:  dequing data: 709
              157668:  dequing data: 710
              157677:  dequing data: 711
              157686:  dequing data: 712
              157695:  dequing data: 713
              157704:  dequing data: 714
              157713:  dequing data: 715
              157715:  source fifo almost empty
              157722:  dequing data: 716
              157731:  dequing data: 717
              157740:  dequing data: 718
              157749:  dequing data: 719
              157758:  dequing data: 720
              157767:  dequing data: 721
              157776:  dequing data: 722
              157785:  dequing data: 723
              157794:  dequing data: 724
              157803:  dequing data: 725
              157812:  dequing data: 726
              157821:  dequing data: 727
              157830:  dequing data: 728
              157839:  dequing data: 729
              157848:  dequing data: 730
              157857:  dequing data: 731
              157866:  dequing data: 732
              157875:  dequing data: 733
              157884:  dequing data: 734
              157893:  dequing data: 735
              157902:  dequing data: 736
              157911:  dequing data: 737
              157915:  enquing areg = 788 
              157920:  dequing data: 738
              157929:  dequing data: 739
              157938:  dequing data: 740
              157947:  dequing data: 741
              157956:  dequing data: 742
              157965:  dequing data: 743
              157974:  dequing data: 744
              157983:  dequing data: 745
              157992:  dequing data: 746
              158001:  dequing data: 747
              158010:  dequing data: 748
              158019:  dequing data: 749
              158028:  dequing data: 750
              158037:  dequing data: 751
              158046:  dequing data: 752
              158055:  dequing data: 753
              158064:  dequing data: 754
              158073:  dequing data: 755
              158082:  dequing data: 756
              158091:  dequing data: 757
              158100:  dequing data: 758
              158109:  dequing data: 759
              158118:  dequing data: 760
              158127:  dequing data: 761
              158136:  dequing data: 762
              158145:  dequing data: 763
              158154:  dequing data: 764
              158163:  dequing data: 765
              158172:  dequing data: 766
              158181:  dequing data: 767
              158190:  dequing data: 768
              158199:  dequing data: 769
              158208:  dequing data: 770
              158217:  dequing data: 771
              158226:  dequing data: 772
              158235:  dequing data: 773
              158244:  dequing data: 774
              158253:  dequing data: 775
              158262:  dequing data: 776
              158271:  dequing data: 777
              158280:   destination clk fifo almost empty
              158280:  dequing data: 778
              158315:  enquing areg = 789 
              158515:  enquing areg = 790 
              158815:  enquing areg = 791 
              158915:  enquing areg = 792 
              159315:  enquing areg = 793 
              159415:  enquing areg = 794 
              159715:  enquing areg = 795 
              159815:  enquing areg = 796 
              159915:  enquing areg = 797 
              160115:  enquing areg = 798 
              160415:  enquing areg = 799 
              160515:  enquing areg = 800 
              160815:  enquing areg = 801 
              161015:  enquing areg = 802 
              161115:  enquing areg = 803 
              161215:  enquing areg = 804 
              161415:  enquing areg = 805 
              161515:  enquing areg = 806 
              161815:  enquing areg = 807 
              161915:  enquing areg = 808 
              162015:  enquing areg = 809 
              162115:  enquing areg = 810 
              162315:  enquing areg = 811 
              162415:  enquing areg = 812 
              162915:  enquing areg = 813 
              163015:  enquing areg = 814 
              163315:  enquing areg = 815 
              163515:  enquing areg = 816 
              163915:  enquing areg = 817 
              164115:  enquing areg = 818 
              164215:  enquing areg = 819 
              164315:  enquing areg = 820 
              164415:  enquing areg = 821 
              164515:  enquing areg = 822 
              164715:  enquing areg = 823 
              164915:  enquing areg = 824 
              165415:  enquing areg = 825 
              165515:  enquing areg = 826 
              165615:  enquing areg = 827 
              165715:  enquing areg = 828 
              165815:  enquing areg = 829 
              166115:  enquing areg = 830 
              166215:  enquing areg = 831 
              166315:  enquing areg = 832 
              166515:  enquing areg = 833 
              167115:  enquing areg = 834 
              167215:  enquing areg = 835 
              167415:  enquing areg = 836 
              167515:  enquing areg = 837 
              168015:  enquing areg = 838 
              168115:  enquing areg = 839 
              168215:  enquing areg = 840 
              168615:  enquing areg = 841 
              168915:  enquing areg = 842 
              169015:  enquing areg = 843 
              169115:  enquing areg = 844 
              169515:  enquing areg = 845 
              170015:  enquing areg = 846 
              170315:  enquing areg = 847 
              170515:  enquing areg = 848 
              171015:  enquing areg = 849 
              171115:  enquing areg = 850 
              171215:  enquing areg = 851 
              171715:  enquing areg = 852 
              172015:  enquing areg = 853 
              172115:  enquing areg = 854 
              172415:  enquing areg = 855 
              172515:  enquing areg = 856 
              172615:  enquing areg = 857 
              172715:  enquing areg = 858 
              172815:  enquing areg = 859 
              172915:  enquing areg = 860 
              173015:  enquing areg = 861 
              173115:  enquing areg = 862 
              173215:  enquing areg = 863 
              173415:  enquing areg = 864 
              173615:  enquing areg = 865 
              173715:  enquing areg = 866 
              173815:  enquing areg = 867 
              173915:  enquing areg = 868 
              174015:  enquing areg = 869 
              174315:  enquing areg = 870 
              174515:  enquing areg = 871 
              174815:  enquing areg = 872 
              175015:  enquing areg = 873 
              175115:  enquing areg = 874 
              175915:  enquing areg = 875 
              176215:  enquing areg = 876 
              176415:  enquing areg = 877 
              176515:  enquing areg = 878 
              176815:  enquing areg = 879 
              176915:  enquing areg = 880 
              177215:  enquing areg = 881 
              177315:  enquing areg = 882 
              177515:  enquing areg = 883 
              177615:  enquing areg = 884 
              177915:  enquing areg = 885 
              178115:  enquing areg = 886 
              178215:  enquing areg = 887 
              178315:  enquing areg = 888 
              178515:  enquing areg = 889 
              178815:  enquing areg = 890 
              178915:  enquing areg = 891 
              179115:  enquing areg = 892 
              179515:  enquing areg = 893 
              179615:  enquing areg = 894 
              179815:  enquing areg = 895 
              180115:  enquing areg = 896 
              180515:  enquing areg = 897 
              180615:  enquing areg = 898 
              180915:  enquing areg = 899 
              181015:  enquing areg = 900 
              181050:  destination fifo almost full
              181059:  dequing data: 779
              181068:  dequing data: 780
              181077:  dequing data: 781
              181086:  dequing data: 782
              181095:  dequing data: 783
              181104:  dequing data: 784
              181113:  dequing data: 785
              181115:  source fifo almost full
              181115:  enquing areg = 901 
              181122:  dequing data: 786
              181131:  dequing data: 787
              181140:  dequing data: 788
              181149:  dequing data: 789
              181158:  dequing data: 790
              181167:  dequing data: 791
              181176:  dequing data: 792
              181185:  dequing data: 793
              181194:  dequing data: 794
              181203:  dequing data: 795
              181212:  dequing data: 796
              181215:  enquing areg = 902 
              181221:  dequing data: 797
              181230:  dequing data: 798
              181239:  dequing data: 799
              181248:  dequing data: 800
              181257:  dequing data: 801
              181266:  dequing data: 802
              181275:  dequing data: 803
              181284:  dequing data: 804
              181293:  dequing data: 805
              181302:  dequing data: 806
              181311:  dequing data: 807
              181320:  dequing data: 808
              181329:  dequing data: 809
              181338:  dequing data: 810
              181347:  dequing data: 811
              181356:  dequing data: 812
              181365:  dequing data: 813
              181374:  dequing data: 814
              181383:  dequing data: 815
              181392:  dequing data: 816
              181401:  dequing data: 817
              181410:  dequing data: 818
              181419:  dequing data: 819
              181428:  dequing data: 820
              181437:  dequing data: 821
              181446:  dequing data: 822
              181455:  dequing data: 823
              181464:  dequing data: 824
              181473:  dequing data: 825
              181482:  dequing data: 826
              181491:  dequing data: 827
              181500:  dequing data: 828
              181509:  dequing data: 829
              181515:  source fifo almost empty
              181518:  dequing data: 830
              181527:  dequing data: 831
              181536:  dequing data: 832
              181545:  dequing data: 833
              181554:  dequing data: 834
              181563:  dequing data: 835
              181572:  dequing data: 836
              181581:  dequing data: 837
              181590:  dequing data: 838
              181599:  dequing data: 839
              181608:  dequing data: 840
              181615:  enquing areg = 903 
              181617:  dequing data: 841
              181626:  dequing data: 842
              181635:  dequing data: 843
              181644:  dequing data: 844
              181653:  dequing data: 845
              181662:  dequing data: 846
              181671:  dequing data: 847
              181680:  dequing data: 848
              181689:  dequing data: 849
              181698:  dequing data: 850
              181707:  dequing data: 851
              181716:  dequing data: 852
              181725:  dequing data: 853
              181734:  dequing data: 854
              181743:  dequing data: 855
              181752:  dequing data: 856
              181761:  dequing data: 857
              181770:  dequing data: 858
              181779:  dequing data: 859
              181788:  dequing data: 860
              181797:  dequing data: 861
              181806:  dequing data: 862
              181815:  enquing areg = 904 
              181815:  dequing data: 863
              181824:  dequing data: 864
              181833:  dequing data: 865
              181842:  dequing data: 866
              181851:  dequing data: 867
              181860:  dequing data: 868
              181869:  dequing data: 869
              181878:  dequing data: 870
              181887:  dequing data: 871
              181896:  dequing data: 872
              181905:  dequing data: 873
              181914:  dequing data: 874
              181915:  enquing areg = 905 
              181923:  dequing data: 875
              181932:  dequing data: 876
              181941:  dequing data: 877
              181950:  dequing data: 878
              181959:  dequing data: 879
              181968:  dequing data: 880
              181977:  dequing data: 881
              181986:  dequing data: 882
              181995:  dequing data: 883
              182004:  dequing data: 884
              182013:  dequing data: 885
              182015:  enquing areg = 906 
              182022:  dequing data: 886
              182031:  dequing data: 887
              182040:  dequing data: 888
              182049:  dequing data: 889
              182058:  dequing data: 890
              182067:  dequing data: 891
              182076:  dequing data: 892
              182085:  dequing data: 893
              182094:  dequing data: 894
              182103:  dequing data: 895
              182112:   destination clk fifo almost empty
              182112:  dequing data: 896
              182215 clearing
              182247:  fifo empty
              182256:  fifo empty
              182265:  fifo empty
              182274:  fifo empty
              182283:  fifo empty
              182292:  fifo empty
              182301:  fifo empty
              182310:  fifo empty
              182315:  fifo full
              182319:  fifo empty
              182328:  fifo empty
              182337:  fifo empty
              182346:  fifo empty
              182355:  fifo empty
              182364:  fifo empty
              182373:  fifo empty
              182382:  fifo empty
              182391:  fifo empty
              182400:  fifo empty
              182409:  fifo empty
              182415:  fifo full
              182418:  fifo empty
              182427:  fifo empty
              182436:  fifo empty
              182445:  fifo empty
              182454:  fifo empty
              182463:  fifo empty
              182472:  fifo empty
              182481:  fifo empty
              182490:  fifo empty
              182499:  fifo empty
              182508:  fifo empty
              182515:  fifo full
              182517:  fifo empty
              182526:  fifo empty
              182535:  fifo empty
              182544:  fifo empty
              182553:  fifo empty
              182562:  fifo empty
              182571:  fifo empty
              182580:  fifo empty
              182589:  fifo empty
              182598:  fifo empty
              182607:  fifo empty
              182616:  fifo empty
              182625:  fifo empty
              182634:  fifo empty
              182643:  fifo empty
              182652:  fifo empty
              182661:  fifo empty
              182670:  fifo empty
              182679:  fifo empty
              182688:  fifo empty
              182697:  fifo empty
              182706:  fifo empty
              182715:  fifo empty
              182724:  fifo empty
              182733:  fifo empty
              182742:  fifo empty
              182751:  fifo empty
              182760:  fifo empty
              182769:  fifo empty
              182778:  fifo empty
              182787:  fifo empty
              182796:  fifo empty
              182805:  fifo empty
              182814:  fifo empty
              182815:  enquing areg = 907 
              182823:  fifo empty
              182832:  fifo empty
              182841:  fifo empty
              182915:  enquing areg = 908 
              183015:  enquing areg = 909 
              183115:  enquing areg = 910 
              183315:  enquing areg = 911 
              183515:  enquing areg = 912 
              183815:  enquing areg = 913 
              183915:  enquing areg = 914 
              184115:  enquing areg = 915 
              184215:  enquing areg = 916 
              184915:  enquing areg = 917 
              185215:  enquing areg = 918 
              185415:  enquing areg = 919 
              185615:  enquing areg = 920 
              185715:  enquing areg = 921 
              185915:  enquing areg = 922 
              186015:  enquing areg = 923 
              186215:  enquing areg = 924 
              186315:  enquing areg = 925 
              186615:  enquing areg = 926 
              186715:  enquing areg = 927 
              186815:  enquing areg = 928 
              187015:  enquing areg = 929 
              187215:  enquing areg = 930 
              187315:  enquing areg = 931 
              187415:  enquing areg = 932 
              187615:  enquing areg = 933 
              187815:  enquing areg = 934 
              187915:  enquing areg = 935 
              188015:  enquing areg = 936 
              188115:  enquing areg = 937 
              188215:  enquing areg = 938 
              188715:  enquing areg = 939 
              188815:  enquing areg = 940 
              189015:  enquing areg = 941 
              189115:  enquing areg = 942 
              189215:  enquing areg = 943 
              189315:  enquing areg = 944 
              189415:  enquing areg = 945 
              189715:  enquing areg = 946 
              190015:  enquing areg = 947 
              190415:  enquing areg = 948 
              190515:  enquing areg = 949 
              190715:  enquing areg = 950 
              190915:  enquing areg = 951 
              191015:  enquing areg = 952 
              191115:  enquing areg = 953 
              191215:  enquing areg = 954 
              191315:  enquing areg = 955 
              191415:  enquing areg = 956 
              191515:  enquing areg = 957 
              191715:  enquing areg = 958 
              192015:  enquing areg = 959 
              192115:  enquing areg = 960 
              192315:  enquing areg = 961 
              192415:  enquing areg = 962 
              192515:  enquing areg = 963 
              192715:  enquing areg = 964 
              192815:  enquing areg = 965 
              192915:  enquing areg = 966 
              193115:  enquing areg = 967 
              193315:  enquing areg = 968 
              193515:  enquing areg = 969 
              193615:  enquing areg = 970 
              193815:  enquing areg = 971 
              194015:  enquing areg = 972 
              194115:  enquing areg = 973 
              194215:  enquing areg = 974 
              194415:  enquing areg = 975 
              194515:  enquing areg = 976 
              194815:  enquing areg = 977 
              195215:  enquing areg = 978 
              195315:  enquing areg = 979 
              196015:  enquing areg = 980 
              196115:  enquing areg = 981 
              196215:  enquing areg = 982 
              196415:  enquing areg = 983 
              196815:  enquing areg = 984 
              197015:  enquing areg = 985 
              197115:  enquing areg = 986 
              197215:  enquing areg = 987 
              197315:  enquing areg = 988 
              197515:  enquing areg = 989 
              197615:  enquing areg = 990 
              197715:  enquing areg = 991 
              198015:  enquing areg = 992 
              198115:  enquing areg = 993 
              198515:  enquing areg = 994 
              198915:  enquing areg = 995 
              199015:  enquing areg = 996 
              199215:  enquing areg = 997 
              199615:  enquing areg = 998 
              199815:  enquing areg = 999 
              199915:  enquing areg = 1000 
