checking package dependencies
compiling FractionalLeadingZeros.bsv
code generation for sysFractionalLeadingZeros starts
Compilation message: "FractionalLeadingZeros.bsv", line 10, column 21: 1.02 = 1.02
Compilation message: "FractionalLeadingZeros.bsv", line 11, column 22: 1.002 = 1.002
Compilation message: "FractionalLeadingZeros.bsv", line 12, column 30: 1.00000000002 = 1.00000000002
Verilog file created: sysFractionalLeadingZeros.v
All packages are up to date.
