<V tagged A   5 tagged B Foo_$B { _1:  1223, _2: True, _3: Bar { x:  42, y:  54 } } tagged C   >
'h100000000104c7951b000000005
<V tagged A   5 tagged B Foo_$B { _1:  1223, _2: True, _3: Bar { x:  42, y:  54 } } tagged C   >
<V tagged A   5 tagged B Foo_$B { _1:  1223, _2: True, _3: Bar { x:  42, y:  54 } } tagged C   >
