       OVL_ERROR : ASSERT_FIFO_INDEX : VIOLATION : Illegal simultaneous push pop detected : severity 1 : time 30 : main.top.assertFifoI.ovl_error_t
       OVL_ERROR : ASSERT_FIFO_INDEX : VIOLATION : Illegal simultaneous push pop detected : severity 1 : time 40 : main.top.assertFifoI.ovl_error_t
       OVL_ERROR : ASSERT_FIFO_INDEX : VIOLATION : Illegal simultaneous push pop detected : severity 1 : time 50 : main.top.assertFifoI.ovl_error_t
       OVL_ERROR : ASSERT_FIFO_INDEX : VIOLATION : Illegal simultaneous push pop detected : severity 1 : time 60 : main.top.assertFifoI.ovl_error_t
