Warning: RegFile 'top.cpu_rf' -- Read address is out of bounds: 0x00
Warning: RegFile 'top.cpu_rf' -- Read address is out of bounds: 0x00
Warning: RegFile 'top.cpu_rf' -- Read address is out of bounds: 0x00
Warning: RegFile 'top.cpu_rf' -- Read address is out of bounds: 0x00
Warning: RegFile 'top.cpu_rf' -- Read address is out of bounds: 0x00
Warning: RegFile 'top.cpu_rf' -- Read address is out of bounds: 0x00
Warning: RegFile 'top.cpu_rf' -- Read address is out of bounds: 0x00
Warning: RegFile 'top.cpu_rf' -- Read address is out of bounds: 0x00
Warning: RegFile 'top.cpu_rf' -- Read address is out of bounds: 0x00
Warning: RegFile 'top.cpu_rf' -- Read address is out of bounds: 0x00
Warning: RegFile 'top.cpu_rf' -- Read address is out of bounds: 0x00
Warning: RegFile 'top.cpu_rf' -- Read address is out of bounds: 0x00
Warning: RegFile 'top.cpu_rf' -- Read address is out of bounds: 0x00
Warning: RegFile 'top.cpu_rf' -- Read address is out of bounds: 0x00
Warning: RegFile 'top.cpu_rf' -- Read address is out of bounds: 0x00
Warning: RegFile 'top.cpu_rf' -- Read address is out of bounds: 0x00
Warning: RegFile 'top.cpu_rf' -- Read address is out of bounds: 0x00
Warning: RegFile 'top.cpu_rf' -- Read address is out of bounds: 0x00
Warning: RegFile 'top.cpu_rf' -- Read address is out of bounds: 0x00
Warning: RegFile 'top.cpu_rf' -- Read address is out of bounds: 0x00
Warning: RegFile 'top.cpu_rf' -- Read address is out of bounds: 0x00
Warning: RegFile 'top.cpu_rf' -- Read address is out of bounds: 0x00
Warning: RegFile 'top.cpu_rf' -- Read address is out of bounds: 0x00
Warning: RegFile 'top.cpu_rf' -- Read address is out of bounds: 0x00
Warning: RegFile 'top.cpu_rf' -- Read address is out of bounds: 0x00
Warning: RegFile 'top.cpu_rf' -- Read address is out of bounds: 0x00
Warning: RegFile 'top.cpu_rf' -- Read address is out of bounds: 0x00
Warning: RegFile 'top.cpu_rf' -- Read address is out of bounds: 0x00
Warning: RegFile 'top.cpu_rf' -- Read address is out of bounds: 0x00
Warning: RegFile 'top.cpu_rf' -- Read address is out of bounds: 0x00
Warning: RegFile 'top.cpu_rf' -- Read address is out of bounds: 0x00
Warning: RegFile 'top.cpu_rf' -- Read address is out of bounds: 0x00
Warning: RegFile 'top.cpu_rf' -- Read address is out of bounds: 0x00
Warning: RegFile 'top.cpu_rf' -- Read address is out of bounds: 0x00
Warning: RegFile 'top.cpu_rf' -- Read address is out of bounds: 0x00
Warning: RegFile 'top.cpu_rf' -- Read address is out of bounds: 0x00
Warning: RegFile 'top.cpu_rf' -- Read address is out of bounds: 0x00
Warning: RegFile 'top.cpu_rf' -- Read address is out of bounds: 0x00
Warning: RegFile 'top.cpu_rf' -- Read address is out of bounds: 0x00
Warning: RegFile 'top.cpu_rf' -- Read address is out of bounds: 0x00
Warning: RegFile 'top.cpu_rf' -- Read address is out of bounds: 0x00
Warning: RegFile 'top.cpu_rf' -- Read address is out of bounds: 0x00
Warning: RegFile 'top.cpu_rf' -- Read address is out of bounds: 0x00
Warning: RegFile 'top.cpu_rf' -- Read address is out of bounds: 0x00
Warning: RegFile 'top.cpu_rf' -- Read address is out of bounds: 0x00
0x0000063d
                5730
