Test 0:   PASSED

Test 1:   PASSED

Test 2:   PASSED

Test 3:   PASSED

Test 4:   PASSED

Test 5:   PASSED

Test 6:   PASSED

Test 7:   PASSED

Test 8:   PASSED

Test 9:   PASSED

Test 10:   PASSED

Test 11:   PASSED

Test 12:   PASSED

Test 13:   PASSED

Test 14:   PASSED

Test 15:   PASSED

Test 16:   PASSED

Test 17:   PASSED

Test 18:   PASSED

Test 19:   PASSED

Test 20:   PASSED

Test 21:   PASSED

Test 22:   PASSED

Test 23:   PASSED

Test 24:   PASSED

Test 25:   PASSED

Test 26:   PASSED

Test 27:   PASSED

Test 28:   PASSED

Test 29:   PASSED

Test 30:   PASSED

Test 31:   PASSED

Test 32:   PASSED

Test 33:   PASSED

Test 34:   PASSED

Test 35:   PASSED

Test 36:   PASSED

Test 37:   PASSED

Test 38:   PASSED

Test 39:   PASSED

Test 40:   PASSED

Test 41:   PASSED

Test 42:   PASSED

Test 43:   PASSED

Test 44:   PASSED

Test 45:   PASSED

Test 46:   PASSED

Test 47:   PASSED

Test 48:   PASSED

Test 49:   PASSED

Test 50:   PASSED

Test 51:   PASSED

Test 52:   PASSED

Test 53:   PASSED

Test 54:   PASSED

Test 55:   PASSED

Test 56:   PASSED

Test 57:   PASSED

Test 58:   PASSED

Test 59:   PASSED

Test 60:   PASSED

Test 61:   PASSED

Test 62:   PASSED

Test 63:   PASSED

Test 64:   PASSED

Test 65:   PASSED

Test 66:   PASSED

Test 67:   PASSED

Test 68:   PASSED

Test 69:   PASSED

Test 70:   PASSED

Test 71:   PASSED

Test 72:   PASSED

Test 73:   PASSED

Test 74:   PASSED

Test 75:   PASSED

Test 76:   PASSED

Test 77:   PASSED

Test 78:   PASSED

Test 79:   PASSED

Test 80:   PASSED

Test 81:   PASSED

Test 82:   PASSED

Test 83:   PASSED

Test 84:   PASSED

Test 85:   PASSED

Test 86:   PASSED

Test 87:   PASSED

Test 88:   PASSED

Test 89:   PASSED

Test 90:   PASSED

Test 91:   PASSED

Test 92:   PASSED

Test 93:   PASSED

Test 94:   PASSED

Test 95:   PASSED

Test 96:   PASSED

Test 97:   PASSED

Test 98:   PASSED

Test 99:   PASSED

