checking package dependencies
compiling Define_IN_IF_STMT.bsv
Warning: Unknown position: (S0001)
  File name `Define_IN_IF_STMT.bsv' does not match package name `Design'
Warning: "Define_IN_IF_STMT.bsv", line 3, column 8: (T0152)
  Package `Vector' is imported but not used
All packages are up to date.
