checking package dependencies
compiling Define_InsideModule.bsv
Warning: Unknown position: (S0001)
  File name `Define_InsideModule.bsv' does not match package name `Design'
Warning: "Define_InsideModule.bsv", line 3, column 8: (T0152)
  Package `Vector' is imported but not used
All packages are up to date.
