Res: 0
Res: 0
Res: 4
Res: 9
Res: 15
Res: 22
Res: 26
Res: 30
Res: 34
Res: 38
Res: 42
Res: 46
Res: 50
Res: 54
Res: 58
Res: 62
Res: 66
Res: 70
Res: 34
Res: -2
Res: -38
Res: -74
Res: -70
Res: -66
Res: -62
Res: -58
Res: -54
Res: -50
Res: -46
Res: -42
Res: -38
Res: -34
Res: -30
Res: -26
Res: -14
Res: -2
Res: 10
Res: 22
Res: 26
Res: 30
Res: 34
Res: 38
Res: 42
Res: 46
Res: 50
Res: 54
Res: 58
Res: 62
Res: 66
Res: 70
Res: 34
Res: -2
Res: -38
Res: -74
Res: -70
Res: -66
Res: -62
Res: -58
Res: -54
Res: -50
Res: -46
Res: -42
Res: -38
Res: -34
Res: -30
Res: -26
Res: -14
Res: -2
Res: 10
Res: 22
Res: 26
Res: 30
Res: 34
Res: 38
Res: 42
Res: 46
Res: 50
Res: 54
Res: 58
Res: 62
Res: 66
Res: 70
Res: 34
Res: -2
Res: -38
Res: -74
Res: -70
Res: -66
Res: -62
Res: -58
Res: -54
Res: -50
Res: -46
Res: -42
Res: -38
Res: -34
Res: -30
Res: -26
Res: -14
Res: -2
Res: 10
